environment
environment.default_interface
environment.on_vpn
environment.system_vpn_services
environment.vpn_like_interfaces
probes
probes.censor_sweep
probes.censor_sweep.results
probes.censor_sweep.status
probes.censor_sweep.tunnel_used
probes.conn_limit
probes.conn_limit.failed
probes.conn_limit.max_handshake_ms
probes.conn_limit.min_handshake_ms
probes.conn_limit.requested
probes.conn_limit.status
probes.conn_limit.succeeded
probes.conn_limit.verdict
probes.control
probes.control.passed
probes.control.total
probes.control.unreachable
probes.cover_scan
probes.cover_scan.best
probes.cover_scan.candidates
probes.cover_scan.status
probes.dns
probes.dns.doh_a
probes.dns.doh_integrity
probes.dns.doh_integrity.returned
probes.dns.doh_integrity.state
probes.dns.doh_multi
probes.dns.doh_multi.compromised
probes.dns.doh_multi.ok
probes.dns.doh_multi.providers
probes.dns.doh_multi.unreachable
probes.dns.dot_integrity
probes.dns.dot_integrity.returned
probes.dns.dot_integrity.state
probes.dns.system_a
probes.host_exposure
probes.host_exposure.cdn_edge
probes.host_exposure.open_ports
probes.host_exposure.status
probes.hysteria
probes.hysteria.insecure
probes.hysteria.obfs
probes.hysteria.sni_explicit
probes.hysteria.sni_keyword
probes.hysteria.status
probes.ipv6
probes.ipv6.aaaa
probes.ipv6.https_code
probes.ipv6.target_reachable
probes.openvpn
probes.openvpn.config_provided
probes.openvpn.fingerprintable
probes.openvpn.handshake_replied
probes.openvpn.handshake_response_hex
probes.openvpn.obfuscated
probes.openvpn.posture
probes.openvpn.proto
probes.openvpn.tcp_port_reachable
probes.openvpn.tls_auth
probes.openvpn.tls_crypt
probes.openvpn.udp_port_accessible
probes.panel_probe
probes.panel_probe.panel_found
probes.panel_probe.status
probes.request_filter
probes.request_filter.chrome_ua_code
probes.request_filter.default_ua_code
probes.request_filter.impersonate_binary
probes.request_filter.impersonate_code
probes.rst
probes.rst.elapsed_seconds
probes.rst.handshake_ok
probes.rst.openssl_exit_code
probes.tcp
probes.tcp.baseline_ip
probes.tcp.baseline_reachable
probes.tcp.target_icmp_ok
probes.tcp.target_reachable
probes.tls
probes.tls.fake_sni_ok
probes.tls.fragmented_ok
probes.tls.no_sni_ok
probes.tls.proper_sni_ok
probes.tunnel
probes.tunnel.default_iface_is_tunnel
probes.tunnel.exit_country
probes.tunnel.exit_differs
probes.tunnel.status
probes.udp
probes.udp.ike4500_responsive
probes.udp.ike500_responsive
probes.udp.quic_baseline
probes.udp.quic_baseline_code
probes.udp.quic_target
probes.udp.quic_verdict
probes.xray_active_probe
probes.xray_active_probe.genuine_http_code
probes.xray_active_probe.matches_cover
probes.xray_active_probe.relay_http_code
probes.xray_active_probe.status
probes.xray_bufferbloat
probes.xray_bufferbloat.idle_rtt_ms
probes.xray_bufferbloat.inflation_ms
probes.xray_bufferbloat.jitter_ms
probes.xray_bufferbloat.loaded_rtt_ms
probes.xray_bufferbloat.status
probes.xray_clock
probes.xray_clock.skew_seconds
probes.xray_clock.status
probes.xray_cover
probes.xray_cover.chain_valid
probes.xray_cover.cn_matches_servername
probes.xray_cover.self_signed
probes.xray_cover.status
probes.xray_cover_throttle
probes.xray_cover_throttle.baseline_bytes_per_second
probes.xray_cover_throttle.cover_bytes_per_second
probes.xray_cover_throttle.status
probes.xray_detectability
probes.xray_detectability.band
probes.xray_detectability.cover_obscure
probes.xray_detectability.deployment_fingerprint
probes.xray_detectability.mux_enabled
probes.xray_detectability.passive_fingerprint_strong
probes.xray_detectability.port_standard
probes.xray_detectability.score
probes.xray_detectability.sni_ip_asn_match
probes.xray_detectability.sni_keyword
probes.xray_detectability.sni_resolves
probes.xray_detectability.status
probes.xray_detectability.tls_in_tls_protected
probes.xray_detectability.utls_fp
probes.xray_detectability.utls_fp_uncommon
probes.xray_detectability.volume_throttle_suspected
probes.xray_egress
probes.xray_egress.asn_hosting
probes.xray_egress.country
probes.xray_egress.datacenter_fallback
probes.xray_egress.dns_resolver_geo
probes.xray_egress.egress_colocated
probes.xray_egress.hosting
probes.xray_egress.mobile
probes.xray_egress.proxy
probes.xray_egress.status
probes.xray_fleet
probes.xray_fleet.outbounds_ok
probes.xray_fleet.outbounds_total
probes.xray_fleet.per_outbound
probes.xray_fleet.status
probes.xray_full_config
probes.xray_full_config.config_path
probes.xray_full_config.egress_ip
probes.xray_full_config.egress_location
probes.xray_full_config.failure_kind
probes.xray_full_config.rtt_ms
probes.xray_full_config.slow_handshake_retry
probes.xray_full_config.socks_port_used
probes.xray_full_config.status
probes.xray_full_config.synthesized_from_url
probes.xray_lint
probes.xray_lint.config_valid
probes.xray_lint.desync_chain
probes.xray_lint.dialer_proxy
probes.xray_lint.fet_exposed
probes.xray_lint.findings
probes.xray_lint.id_uuid
probes.xray_lint.status
probes.xray_lint.vless_encryption
probes.xray_lint.vless_encryption_padding
probes.xray_lint.vless_flow_deprecated
probes.xray_mtu
probes.xray_mtu.path_mtu
probes.xray_mtu.status
probes.xray_protocol
probes.xray_protocol.egress_ip
probes.xray_protocol.egress_location
probes.xray_protocol.failure_kind
probes.xray_protocol.rtt_ms
probes.xray_protocol.slow_handshake_retry
probes.xray_protocol.status
probes.xray_protocol.tester_binary
probes.xray_protocol.url_display
probes.xray_routing
probes.xray_routing.default_outbound
probes.xray_routing.dns_leak_risk
probes.xray_routing.dns_split_horizon
probes.xray_routing.domain_strategy
probes.xray_routing.live_results
probes.xray_routing.live_test
probes.xray_routing.proxy_outbounds
probes.xray_routing.proxy_sensitive_categories
probes.xray_routing.sniffing
probes.xray_routing.status
probes.xray_routing.undefined_outbound_tags
probes.xray_sni_privacy
probes.xray_sni_privacy.ech_applies
probes.xray_sni_privacy.ech_published_by_cover
probes.xray_sni_privacy.posture
probes.xray_sni_privacy.sni_cleartext
probes.xray_sni_privacy.status
probes.xray_speedtest
probes.xray_speedtest.best_bytes_per_second
probes.xray_speedtest.best_endpoint
probes.xray_speedtest.best_mbps
probes.xray_speedtest.per_endpoint
probes.xray_speedtest.status
probes.xray_speedtest.streams
probes.xray_stability
probes.xray_stability.first_failure_seconds
probes.xray_stability.kill_at_bytes
probes.xray_stability.per_pulse
probes.xray_stability.pulses_killed
probes.xray_stability.pulses_ok
probes.xray_stability.pulses_retried_recovered
probes.xray_stability.pulses_slow
probes.xray_stability.pulses_total
probes.xray_stability.rtt_max_ms
probes.xray_stability.rtt_min_ms
probes.xray_stability.status
probes.xray_throughput
probes.xray_throughput.bytes_per_second
probes.xray_throughput.bytes_received
probes.xray_throughput.seconds
probes.xray_throughput.status
probes.xray_throughput.target_bytes
probes.xray_tls_parity
probes.xray_tls_parity.alpn_match
probes.xray_tls_parity.cipher_match
probes.xray_tls_parity.cover_fingerprint
probes.xray_tls_parity.ext_match
probes.xray_tls_parity.server_fingerprint
probes.xray_tls_parity.status
probes.xray_tls_parity.version_match
probes.youtube_reach
probes.youtube_reach.failed
probes.youtube_reach.max_ttfb_ms
probes.youtube_reach.min_ttfb_ms
probes.youtube_reach.requested
probes.youtube_reach.status
probes.youtube_reach.succeeded
probes.youtube_reach.verdict
schema_version
target
target.host
target.port_tcp
target.port_udp
target.resolved_ip
target.resolved_source
timestamp
verdicts
verdicts.[]
version
